[debug] [2026-05-15T16:14:06.390Z] ----------------------------------------------------------------------
[debug] [2026-05-15T16:14:06.395Z] Command:       C:\Program Files\nodejs\node.exe C:\Users\chris\AppData\Roaming\npm\node_modules\firebase-tools\lib\bin\firebase.js init
[debug] [2026-05-15T16:14:06.395Z] CLI Version:   15.18.0
[debug] [2026-05-15T16:14:06.395Z] Platform:      win32
[debug] [2026-05-15T16:14:06.396Z] Node Version:  v24.15.0
[debug] [2026-05-15T16:14:06.396Z] Time:          Sat May 16 2026 00:14:06 GMT+0800 (Philippine Standard Time)
[debug] [2026-05-15T16:14:06.396Z] ----------------------------------------------------------------------
[debug] 
[info] 
     ######## #### ########  ######## ########     ###     ######  ########
     ##        ##  ##     ## ##       ##     ##  ##   ##  ##       ##
     ######    ##  ########  ######   ########  #########  ######  ######
     ##        ##  ##    ##  ##       ##     ## ##     ##       ## ##
     ##       #### ##     ## ######## ########  ##     ##  ######  ########

You're about to initialize a Firebase project in this directory:

  C:\SystemNi

Before we get started, keep in mind:

  * You are currently outside your home directory

[info] 
=== Project Setup
[info] 
[info] First, let's associate this project directory with a Firebase project.
[info] You can create multiple project aliases by running firebase use --add, 
[info] 
[debug] [2026-05-15T16:15:08.161Z] > command requires scopes: ["email","openid","https://www.googleapis.com/auth/cloudplatformprojects.readonly","https://www.googleapis.com/auth/firebase","https://www.googleapis.com/auth/cloud-platform"]
[debug] [2026-05-15T16:15:08.162Z] > authorizing via signed-in user (cherryrafilduma@gmail.com)
[debug] [2026-05-15T16:15:08.166Z] Checked if tokens are valid: true, expires at: 1778865233111
[debug] [2026-05-15T16:15:08.166Z] Checked if tokens are valid: true, expires at: 1778865233111
[debug] [2026-05-15T16:15:08.169Z] >>> [apiv2][query] GET https://firebase.googleapis.com/v1beta1/projects pageSize=100
[debug] [2026-05-15T16:15:09.018Z] <<< [apiv2][status] GET https://firebase.googleapis.com/v1beta1/projects 200
[debug] [2026-05-15T16:15:09.018Z] <<< [apiv2][body] GET https://firebase.googleapis.com/v1beta1/projects [omitted]
[info] 
=== Genkit Setup
[debug] [2026-05-15T16:15:21.794Z] > command requires scopes: ["email","openid","https://www.googleapis.com/auth/cloudplatformprojects.readonly","https://www.googleapis.com/auth/firebase","https://www.googleapis.com/auth/cloud-platform"]
[debug] [2026-05-15T16:15:21.794Z] > authorizing via signed-in user (cherryrafilduma@gmail.com)
[debug] [2026-05-15T16:15:21.794Z] [iam] checking project job-portal-6208f for permissions ["firebase.projects.get"]
[debug] [2026-05-15T16:15:21.795Z] Checked if tokens are valid: true, expires at: 1778865233111
[debug] [2026-05-15T16:15:21.795Z] Checked if tokens are valid: true, expires at: 1778865233111
[debug] [2026-05-15T16:15:21.795Z] >>> [apiv2][query] POST https://cloudresourcemanager.googleapis.com/v1/projects/job-portal-6208f:testIamPermissions [none]
[debug] [2026-05-15T16:15:21.796Z] >>> [apiv2][(partial)header] POST https://cloudresourcemanager.googleapis.com/v1/projects/job-portal-6208f:testIamPermissions  x-goog-user-project=job-portal-6208f
[debug] [2026-05-15T16:15:21.796Z] >>> [apiv2][body] POST https://cloudresourcemanager.googleapis.com/v1/projects/job-portal-6208f:testIamPermissions {"permissions":["firebase.projects.get"]}
[debug] [2026-05-15T16:15:22.946Z] <<< [apiv2][status] POST https://cloudresourcemanager.googleapis.com/v1/projects/job-portal-6208f:testIamPermissions 200
[debug] [2026-05-15T16:15:22.946Z] <<< [apiv2][body] POST https://cloudresourcemanager.googleapis.com/v1/projects/job-portal-6208f:testIamPermissions {"permissions":["firebase.projects.get"]}
[debug] [2026-05-15T16:15:22.948Z] Checked if tokens are valid: true, expires at: 1778865233111
[debug] [2026-05-15T16:15:22.948Z] Checked if tokens are valid: true, expires at: 1778865233111
[debug] [2026-05-15T16:15:22.948Z] Checked if tokens are valid: true, expires at: 1778865233111
[debug] [2026-05-15T16:15:22.948Z] Checked if tokens are valid: true, expires at: 1778865233111
[debug] [2026-05-15T16:15:22.948Z] >>> [apiv2][query] GET https://serviceusage.googleapis.com/v1/projects/job-portal-6208f/services/cloudfunctions.googleapis.com [none]
[debug] [2026-05-15T16:15:22.949Z] >>> [apiv2][(partial)header] GET https://serviceusage.googleapis.com/v1/projects/job-portal-6208f/services/cloudfunctions.googleapis.com  x-goog-user-project=job-portal-6208f
[debug] [2026-05-15T16:15:22.950Z] >>> [apiv2][query] GET https://serviceusage.googleapis.com/v1/projects/job-portal-6208f/services/runtimeconfig.googleapis.com [none]
[debug] [2026-05-15T16:15:22.950Z] >>> [apiv2][(partial)header] GET https://serviceusage.googleapis.com/v1/projects/job-portal-6208f/services/runtimeconfig.googleapis.com  x-goog-user-project=job-portal-6208f
[debug] [2026-05-15T16:15:24.424Z] <<< [apiv2][status] GET https://serviceusage.googleapis.com/v1/projects/job-portal-6208f/services/runtimeconfig.googleapis.com 200
[debug] [2026-05-15T16:15:24.424Z] <<< [apiv2][body] GET https://serviceusage.googleapis.com/v1/projects/job-portal-6208f/services/runtimeconfig.googleapis.com [omitted]
[debug] [2026-05-15T16:15:24.435Z] <<< [apiv2][status] GET https://serviceusage.googleapis.com/v1/projects/job-portal-6208f/services/cloudfunctions.googleapis.com 200
[debug] [2026-05-15T16:15:24.435Z] <<< [apiv2][body] GET https://serviceusage.googleapis.com/v1/projects/job-portal-6208f/services/cloudfunctions.googleapis.com [omitted]
[debug] [2026-05-15T16:15:24.436Z] Checked if tokens are valid: true, expires at: 1778865233111
[debug] [2026-05-15T16:15:24.436Z] Checked if tokens are valid: true, expires at: 1778865233111
[debug] [2026-05-15T16:15:24.436Z] >>> [apiv2][query] POST https://serviceusage.googleapis.com/v1/projects/job-portal-6208f/services/cloudfunctions.googleapis.com:enable [none]
[debug] [2026-05-15T16:15:24.436Z] >>> [apiv2][(partial)header] POST https://serviceusage.googleapis.com/v1/projects/job-portal-6208f/services/cloudfunctions.googleapis.com:enable  x-goog-user-project=job-portal-6208f
[debug] [2026-05-15T16:15:25.862Z] <<< [apiv2][status] POST https://serviceusage.googleapis.com/v1/projects/job-portal-6208f/services/cloudfunctions.googleapis.com:enable 200
[debug] [2026-05-15T16:15:25.862Z] <<< [apiv2][body] POST https://serviceusage.googleapis.com/v1/projects/job-portal-6208f/services/cloudfunctions.googleapis.com:enable [omitted]
[info] Let's create a new codebase for your functions.
[info] A directory corresponding to the codebase will be created in your project
[info] with sample code pre-configured.

[info] See https://firebase.google.com/docs/functions/organize-functions for
[info] more information on organizing your functions using codebases.

[info] Functions can be deployed with firebase deploy.

[info] +  Wrote functions/.eslintrc.js 
[info] +  Wrote functions/tsconfig.dev.json 
[info] +  Wrote functions/package.json 
[info] +  Wrote functions/tsconfig.json 
[info] +  Wrote functions/src/index.ts 
[info] +  Wrote functions/.gitignore 
[info] 
